// Jest Snapshot v1, https://goo.gl/fbAQLP

exports[`MnemonicVerificationProgress should render tabs 1`] = `
<DocumentFragment>
  <ul
    class="flex space-x-3"
  >
    <button
      class="MnemonicVerificationOptions__OptionButton-sc-qja4fq-0 MnemonicVerificationProgress__TabStyled-sc-m908j-0 fzvkGS bBMKbA"
      data-testid="MnemonicVerificationProgress__Tab"
      disabled=""
    >
      <span
        class="text-lg text-theme-success-600 dark:text-theme-secondary-200"
      >
        <div
          class="sc-bdnxRM NjstW"
          height="20"
          width="20"
        >
          <svg>
            circle-check-mark.svg
          </svg>
        </div>
      </span>
    </button>
    <button
      class="MnemonicVerificationOptions__OptionButton-sc-qja4fq-0 MnemonicVerificationProgress__TabStyled-sc-m908j-0 fzvkGS hhHogX"
      data-testid="MnemonicVerificationProgress__Tab"
      disabled=""
    >
      <span>
        The 2nd Word
      </span>
    </button>
    <button
      class="MnemonicVerificationOptions__OptionButton-sc-qja4fq-0 MnemonicVerificationProgress__TabStyled-sc-m908j-0 fzvkGS fnZKrA"
      data-testid="MnemonicVerificationProgress__Tab"
      disabled=""
    >
      <span>
        The 3rd Word
      </span>
    </button>
  </ul>
</DocumentFragment>
`;
